[INFO] Scanning for projects...
[INFO] 
[INFO] --------------------< com.sistema.tramites:backend >--------------------
[INFO] Building backend 0.0.1-SNAPSHOT
[INFO]   from pom.xml
[INFO] --------------------------------[ jar ]---------------------------------
[INFO] 
[INFO] --- clean:3.4.1:clean (default-clean) @ backend ---
[INFO] Deleting C:\Users\daesloard\Downloads\sistema_tramites\backend\target
[INFO] ------------------------------------------------------------------------
[INFO] BUILD FAILURE
[INFO] ------------------------------------------------------------------------
[INFO] Total time:  5.775 s
[INFO] Finished at: 2026-03-09T16:57:45-05:00
[INFO] ------------------------------------------------------------------------
[ERROR] Failed to execute goal org.apache.maven.plugins:maven-clean-plugin:3.4.1:clean (default-clean) on project backend: Failed to clean project: Failed to delete C:\Users\daesloard\Downloads\sistema_tramites\backend\target\backend-0.0.1-SNAPSHOT.jar: C:\Users\daesloard\Downloads\sistema_tramites\backend\target\backend-0.0.1-SNAPSHOT.jar: El proceso no tiene acceso al archivo porque estß siendo utilizado por otro proceso -> [Help 1]
[ERROR] 
[ERROR] To see the full stack trace of the errors, re-run Maven with the -e switch.
[ERROR] Re-run Maven using the -X switch to enable full debug logging.
[ERROR] 
[ERROR] For more information about the errors and possible solutions, please read the following articles:
[ERROR] [Help 1] http://cwiki.apache.org/confluence/display/MAVEN/MojoExecutionException
